// Jest Snapshot v1, https://goo.gl/fbAQLP

exports[`transform tests allow prettier config options 1`] = `
"import React from \\"react\\"

function Icon() {
  return <svg data-test=\\"svg-test\\"></svg>
}

export default Icon
"
`;

exports[`transform tests clean attributes 1`] = `
"import React from \\"react\\";

function Icon() {
  return <svg fill=\\"red\\"></svg>;
}

export default Icon;
"
`;

exports[`transform tests convert "background: none" elements 1`] = `
"import React from \\"react\\";

function Icon() {
  return (
    <svg
      xmlns=\\"http://www.w3.org/2000/svg\\"
      width=\\"200\\"
      height=\\"200\\"
      className=\\"lds-reload\\"
      preserveAspectRatio=\\"xMidYMid\\"
      viewBox=\\"0 0 100 100\\"
      style={{ background: \\"none\\" }}
    >
      <g transform=\\"rotate(119.952 50 50)\\">
        <path
          fill=\\"none\\"
          stroke=\\"#eca611\\"
          strokeWidth=\\"12\\"
          d=\\"M50 15a35 35 0 1024.787 10.213\\"
        ></path>
        <path fill=\\"#eca611\\" d=\\"M49 3v24l12-12L49 3\\"></path>
        <animateTransform
          attributeName=\\"transform\\"
          begin=\\"0s\\"
          calcMode=\\"linear\\"
          dur=\\"1s\\"
          keyTimes=\\"0;1\\"
          repeatCount=\\"indefinite\\"
          type=\\"rotate\\"
          values=\\"0 50 50;360 50 50\\"
        ></animateTransform>
      </g>
    </svg>
  );
}

export default Icon;
"
`;

exports[`transform tests convert attributes 1`] = `
"import React from \\"react\\";

function Icon() {
  return <svg fillRule=\\"evenodd\\" className=\\"test\\" data-name=\\"svg\\"></svg>;
}

export default Icon;
"
`;

exports[`transform tests convert inline styles to style objects 1`] = `
"import React from \\"react\\";

function Icon() {
  return <svg style={{ marginLeft: 20, paddingTop: 20 }}></svg>;
}

export default Icon;
"
`;

exports[`transform tests convert nested nodes 1`] = `
"import React from \\"react\\";

function Icon() {
  return (
    <svg xmlns=\\"http://www.w3.org/2000/svg\\" viewBox=\\"0 0 45 45\\">
      <defs>
        <clipPath id=\\"svg-test\\">
          <path style={{ marginLeft: \\"auto\\" }} d=\\"M43 24c1.1-1.5 2.3-3\\"></path>
        </clipPath>
      </defs>
      <circle
        cx=\\"110\\"
        cy=\\"110\\"
        r=\\"100\\"
        fill=\\"#9c6\\"
        clip-path=\\"url(#svg-test)\\"
      ></circle>
    </svg>
  );
}

export default Icon;
"
`;

exports[`transform tests convert text elements 1`] = `
"import React from \\"react\\";

function Icon() {
  return (
    <svg width=\\"200\\" height=\\"200\\" viewBox=\\"0 0 100 100\\">
      <text>svg2jsx</text>
    </svg>
  );
}

export default Icon;
"
`;

exports[`transform tests create class component 1`] = `
"import React from \\"react\\";

class Icon extends React.Component {
  render() {
    return <svg data-test=\\"svg-test\\"></svg>;
  }
}

export default Icon;
"
`;

exports[`transform tests create functional component 1`] = `
"import React from \\"react\\";

function Icon() {
  return <svg data-test=\\"svg-test\\"></svg>;
}

export default Icon;
"
`;

exports[`transform tests don't convert "clip-path" 1`] = `
"import React from \\"react\\";

function Icon() {
  return (
    <svg xmlns=\\"http://www.w3.org/2000/svg\\" viewBox=\\"0 0 45 45\\">
      <path d=\\"M43 24c1.1-1.5 2.3-3\\" clip-path=\\"url(#SVGID_2_134rwd)\\"></path>
    </svg>
  );
}

export default Icon;
"
`;

exports[`transform tests keep ID attribute 1`] = `
"import React from \\"react\\";

function Icon() {
  return <svg id=\\"svg-test\\"></svg>;
}

export default Icon;
"
`;

exports[`transform tests keep attribute values 1`] = `
"import React from \\"react\\";

function Icon() {
  return (
    <svg xmlns=\\"http://www.w3.org/2000/svg\\" viewBox=\\"0 0 30 10\\">
      <circle id=\\"svg-test\\" cx=\\"5\\" cy=\\"5\\" r=\\"4\\" stroke=\\"#00f\\"></circle>
      <use x=\\"20\\" fill=\\"#fff\\" stroke=\\"red\\" href=\\"#svg-test\\"></use>
    </svg>
  );
}

export default Icon;
"
`;

exports[`transform tests keep dimensions attributes 1`] = `
"import React from \\"react\\";

function Icon() {
  return (
    <svg width=\\"125\\" height=\\"125\\" viewBox=\\"0 0 125 125\\">
      <path fill=\\"red\\" d=\\"M49 3v24l12-12L49 3\\"></path>
    </svg>
  );
}

export default Icon;
"
`;

exports[`transform tests quote string style values 1`] = `
"import React from \\"react\\";

function Icon() {
  return (
    <svg xmlns=\\"http://www.w3.org/2000/svg\\" viewBox=\\"0 0 45 45\\">
      <path style={{ marginLeft: \\"auto\\" }} d=\\"M43 24c1.1-1.5 2.3-3\\"></path>
    </svg>
  );
}

export default Icon;
"
`;

exports[`transform tests remove unnecessary nodes 1`] = `
"import React from \\"react\\";

function Icon() {
  return <svg></svg>;
}

export default Icon;
"
`;
